// Jest Snapshot v1, https://goo.gl/fbAQLP

exports[`CounterApp tests should display CounterApp correctly w/default values 1`] = `
<Fragment>
  <h1>
    CounterApp
  </h1>
  <h2>
    10
  </h2>
  <button
    onClick={[Function]}
  >
    add 1
  </button>
  <button
    onClick={[Function]}
  >
    Reset
  </button>
  <button
    onClick={[Function]}
  >
    minus 1
  </button>
</Fragment>
`;
